102.06.08 16:37 B I:\Data2\webpages\qcshs75\cbizlist\d2\Mementos\Annie\m1.htm <-- ftp.tripod.com /Mementos/Annie m1.htm
102.06.08 16:37 B I:\Data2\webpages\qcshs75\cbizlist\d2\Mementos\Annie\3qcshs-singing-group.jpg <-- ftp.tripod.com /Mementos/Annie 3qcshs-singing-group.jpg
102.06.08 16:37 B I:\Data2\webpages\qcshs75\cbizlist\d2\Mementos\Annie\1qcshs-girls-with-arnel.jpg <-- ftp.tripod.com /Mementos/Annie 1qcshs-girls-with-arnel.jpg
102.06.08 16:37 B I:\Data2\webpages\qcshs75\cbizlist\d2\Mementos\Annie\2qcshs-girls.jpg <-- ftp.tripod.com /Mementos/Annie 2qcshs-girls.jpg
102.06.08 16:37 B I:\Data2\webpages\qcshs75\cbizlist\d2\Mementos\Annie\5tics.jpg <-- ftp.tripod.com /Mementos/Annie 5tics.jpg
102.06.08 16:37 B I:\Data2\webpages\qcshs75\cbizlist\d2\Mementos\Annie\6jerry-payawan.jpg <-- ftp.tripod.com /Mementos/Annie 6jerry-payawan.jpg
102.06.08 16:38 B I:\Data2\webpages\qcshs75\cbizlist\d2\Mementos\Annie\4julia-siga.jpg <-- ftp.tripod.com /Mementos/Annie 4julia-siga.jpg
102.06.08 16:38 B I:\Data2\webpages\qcshs75\cbizlist\d2\Mementos\Annie\9larry-malinda.jpg <-- ftp.tripod.com /Mementos/Annie 9larry-malinda.jpg
102.06.08 16:38 B I:\Data2\webpages\qcshs75\cbizlist\d2\Mementos\Annie\8ACP.jpg <-- ftp.tripod.com /Mementos/Annie 8ACP.jpg
102.06.08 16:38 B I:\Data2\webpages\qcshs75\cbizlist\d2\Mementos\Annie\7bobot.jpg <-- ftp.tripod.com /Mementos/Annie 7bobot.jpg
102.06.08 16:38 B I:\Data2\webpages\qcshs75\cbizlist\d2\Mementos\Annie\12edison.jpg <-- ftp.tripod.com /Mementos/Annie 12edison.jpg
102.06.08 16:38 B I:\Data2\webpages\qcshs75\cbizlist\d2\Mementos\Annie\11proj6-playground.jpg <-- ftp.tripod.com /Mementos/Annie 11proj6-playground.jpg
102.06.08 16:38 B I:\Data2\webpages\qcshs75\cbizlist\d2\Mementos\Annie\10proj.6-playground.jpg <-- ftp.tripod.com /Mementos/Annie 10proj.6-playground.jpg
102.06.08 16:38 B I:\Data2\webpages\qcshs75\cbizlist\d2\Mementos\Annie\edison4.jpg <-- ftp.tripod.com /Mementos/Annie edison4.jpg
102.06.08 16:39 B I:\Data2\webpages\qcshs75\cbizlist\d2\Mementos\Annie\start.jpg <-- ftp.tripod.com /Mementos/Annie start.jpg
102.06.08 16:39 B I:\Data2\webpages\qcshs75\cbizlist\d2\Mementos\Annie\20alelie-et-al.jpg <-- ftp.tripod.com /Mementos/Annie 20alelie-et-al.jpg
102.06.08 16:39 B I:\Data2\webpages\qcshs75\cbizlist\d2\Mementos\Annie\13from-arlen.JPG <-- ftp.tripod.com /Mementos/Annie 13from-arlen.JPG
102.06.08 16:39 B I:\Data2\webpages\qcshs75\cbizlist\d2\Mementos\Annie\14from-tela-bituin.JPG <-- ftp.tripod.com /Mementos/Annie 14from-tela-bituin.JPG
102.06.08 16:40 B I:\Data2\webpages\qcshs75\cbizlist\d2\Mementos\Annie\14from-tela.JPG <-- ftp.tripod.com /Mementos/Annie 14from-tela.JPG
102.06.08 16:40 B I:\Data2\webpages\qcshs75\cbizlist\d2\Mementos\Annie\17YMCA-Baguio-City.JPG <-- ftp.tripod.com /Mementos/Annie 17YMCA-Baguio-City.JPG
102.06.08 16:40 B I:\Data2\webpages\qcshs75\cbizlist\d2\Mementos\Annie\16YMCA-baguio-city.JPG <-- ftp.tripod.com /Mementos/Annie 16YMCA-baguio-city.JPG
102.06.08 16:40 B I:\Data2\webpages\qcshs75\cbizlist\d2\Mementos\Annie\15jake-annie.JPG <-- ftp.tripod.com /Mementos/Annie 15jake-annie.JPG
102.06.08 16:40 B I:\Data2\webpages\qcshs75\cbizlist\d2\Mementos\Annie\19caloy.JPG <-- ftp.tripod.com /Mementos/Annie 19caloy.JPG
102.06.08 16:41 B I:\Data2\webpages\qcshs75\cbizlist\d2\Mementos\Annie\19annie.JPG <-- ftp.tripod.com /Mementos/Annie 19annie.JPG
102.06.08 16:41 B I:\Data2\webpages\qcshs75\cbizlist\d2\Mementos\Annie\18CAT-turn-over-ceremony.JPG <-- ftp.tripod.com /Mementos/Annie 18CAT-turn-over-ceremony.JPG
102.06.08 16:41 B I:\Data2\webpages\qcshs75\cbizlist\d2\Mementos\Annie\23eva-annie-malu.JPG <-- ftp.tripod.com /Mementos/Annie 23eva-annie-malu.JPG
102.06.08 16:41 B I:\Data2\webpages\qcshs75\cbizlist\d2\Mementos\Annie\22from-eva.JPG <-- ftp.tripod.com /Mementos/Annie 22from-eva.JPG
102.06.08 16:41 B I:\Data2\webpages\qcshs75\cbizlist\d2\Mementos\Annie\20alelie-et-al2.jpg <-- ftp.tripod.com /Mementos/Annie 20alelie-et-al2.jpg
102.06.08 16:41 B I:\Data2\webpages\qcshs75\cbizlist\d2\Mementos\Annie\26mas-cards.JPG <-- ftp.tripod.com /Mementos/Annie 26mas-cards.JPG
102.06.08 16:41 B I:\Data2\webpages\qcshs75\cbizlist\d2\Mementos\Annie\25sipa.JPG <-- ftp.tripod.com /Mementos/Annie 25sipa.JPG
102.06.08 16:42 B I:\Data2\webpages\qcshs75\cbizlist\d2\Mementos\Annie\23graduation-day.JPG <-- ftp.tripod.com /Mementos/Annie 23graduation-day.JPG
102.06.08 16:42 B I:\Data2\webpages\qcshs75\cbizlist\d2\Mementos\Annie\29xmas-cards-4.JPG <-- ftp.tripod.com /Mementos/Annie 29xmas-cards-4.JPG
102.06.08 18:45 B i:\Data2\webpages\qcshs75\cbizlist\Mementos\Annie\m1.htm --> ftp.cBizList.com /d:/html/users/cBizListcom/html/qcshs75/Mementos/Annie m1.htm
102.06.08 18:45 B i:\Data2\webpages\qcshs75\cbizlist\Mementos\Annie\ws_ftp.log --> ftp.cBizList.com /d:/html/users/cBizListcom/html/qcshs75/Mementos/Annie ws_ftp.log
102.06.08 18:45 B i:\Data2\webpages\qcshs75\cbizlist\Mementos\Annie\3qcshs-singing-group.jpg --> ftp.cBizList.com /d:/html/users/cBizListcom/html/qcshs75/Mementos/Annie 3qcshs-singing-group.jpg
102.06.08 18:45 B i:\Data2\webpages\qcshs75\cbizlist\Mementos\Annie\1qcshs-girls-with-arnel.jpg --> ftp.cBizList.com /d:/html/users/cBizListcom/html/qcshs75/Mementos/Annie 1qcshs-girls-with-arnel.jpg
102.06.08 18:45 B i:\Data2\webpages\qcshs75\cbizlist\Mementos\Annie\2qcshs-girls.jpg --> ftp.cBizList.com /d:/html/users/cBizListcom/html/qcshs75/Mementos/Annie 2qcshs-girls.jpg
102.06.08 18:46 B i:\Data2\webpages\qcshs75\cbizlist\Mementos\Annie\5tics.jpg --> ftp.cBizList.com /d:/html/users/cBizListcom/html/qcshs75/Mementos/Annie 5tics.jpg
102.06.08 18:46 B i:\Data2\webpages\qcshs75\cbizlist\Mementos\Annie\6jerry-payawan.jpg --> ftp.cBizList.com /d:/html/users/cBizListcom/html/qcshs75/Mementos/Annie 6jerry-payawan.jpg
102.06.08 18:46 B i:\Data2\webpages\qcshs75\cbizlist\Mementos\Annie\4julia-siga.jpg --> ftp.cBizList.com /d:/html/users/cBizListcom/html/qcshs75/Mementos/Annie 4julia-siga.jpg
102.06.08 18:46 B i:\Data2\webpages\qcshs75\cbizlist\Mementos\Annie\9larry-malinda.jpg --> ftp.cBizList.com /d:/html/users/cBizListcom/html/qcshs75/Mementos/Annie 9larry-malinda.jpg
102.06.08 18:46 B i:\Data2\webpages\qcshs75\cbizlist\Mementos\Annie\8ACP.jpg --> ftp.cBizList.com /d:/html/users/cBizListcom/html/qcshs75/Mementos/Annie 8ACP.jpg
102.06.08 18:46 B i:\Data2\webpages\qcshs75\cbizlist\Mementos\Annie\7bobot.jpg --> ftp.cBizList.com /d:/html/users/cBizListcom/html/qcshs75/Mementos/Annie 7bobot.jpg
102.06.08 18:47 B i:\Data2\webpages\qcshs75\cbizlist\Mementos\Annie\12edison.jpg --> ftp.cBizList.com /d:/html/users/cBizListcom/html/qcshs75/Mementos/Annie 12edison.jpg
102.06.08 18:47 B i:\Data2\webpages\qcshs75\cbizlist\Mementos\Annie\11proj6-playground.jpg --> ftp.cBizList.com /d:/html/users/cBizListcom/html/qcshs75/Mementos/Annie 11proj6-playground.jpg
102.06.08 18:47 B i:\Data2\webpages\qcshs75\cbizlist\Mementos\Annie\10proj.6-playground.jpg --> ftp.cBizList.com /d:/html/users/cBizListcom/html/qcshs75/Mementos/Annie 10proj.6-playground.jpg
102.06.08 18:47 B i:\Data2\webpages\qcshs75\cbizlist\Mementos\Annie\edison4.jpg --> ftp.cBizList.com /d:/html/users/cBizListcom/html/qcshs75/Mementos/Annie edison4.jpg
102.06.08 18:48 B i:\Data2\webpages\qcshs75\cbizlist\Mementos\Annie\start.jpg --> ftp.cBizList.com /d:/html/users/cBizListcom/html/qcshs75/Mementos/Annie start.jpg
102.06.08 18:48 B i:\Data2\webpages\qcshs75\cbizlist\Mementos\Annie\20alelie-et-al.jpg --> ftp.cBizList.com /d:/html/users/cBizListcom/html/qcshs75/Mementos/Annie 20alelie-et-al.jpg
102.06.08 18:48 B i:\Data2\webpages\qcshs75\cbizlist\Mementos\Annie\13from-arlen.JPG --> ftp.cBizList.com /d:/html/users/cBizListcom/html/qcshs75/Mementos/Annie 13from-arlen.JPG
102.06.08 18:48 B i:\Data2\webpages\qcshs75\cbizlist\Mementos\Annie\14from-tela-bituin.JPG --> ftp.cBizList.com /d:/html/users/cBizListcom/html/qcshs75/Mementos/Annie 14from-tela-bituin.JPG
102.06.08 18:49 B i:\Data2\webpages\qcshs75\cbizlist\Mementos\Annie\14from-tela.JPG --> ftp.cBizList.com /d:/html/users/cBizListcom/html/qcshs75/Mementos/Annie 14from-tela.JPG
102.06.08 18:49 B i:\Data2\webpages\qcshs75\cbizlist\Mementos\Annie\17YMCA-Baguio-City.JPG --> ftp.cBizList.com /d:/html/users/cBizListcom/html/qcshs75/Mementos/Annie 17YMCA-Baguio-City.JPG
102.06.08 18:49 B i:\Data2\webpages\qcshs75\cbizlist\Mementos\Annie\16YMCA-baguio-city.JPG --> ftp.cBizList.com /d:/html/users/cBizListcom/html/qcshs75/Mementos/Annie 16YMCA-baguio-city.JPG
102.06.08 18:49 B i:\Data2\webpages\qcshs75\cbizlist\Mementos\Annie\15jake-annie.JPG --> ftp.cBizList.com /d:/html/users/cBizListcom/html/qcshs75/Mementos/Annie 15jake-annie.JPG
102.06.08 18:49 B i:\Data2\webpages\qcshs75\cbizlist\Mementos\Annie\19caloy.JPG --> ftp.cBizList.com /d:/html/users/cBizListcom/html/qcshs75/Mementos/Annie 19caloy.JPG
102.06.08 18:50 B i:\Data2\webpages\qcshs75\cbizlist\Mementos\Annie\19annie.JPG --> ftp.cBizList.com /d:/html/users/cBizListcom/html/qcshs75/Mementos/Annie 19annie.JPG
102.06.08 18:50 B i:\Data2\webpages\qcshs75\cbizlist\Mementos\Annie\18CAT-turn-over-ceremony.JPG --> ftp.cBizList.com /d:/html/users/cBizListcom/html/qcshs75/Mementos/Annie 18CAT-turn-over-ceremony.JPG
102.06.08 18:50 B i:\Data2\webpages\qcshs75\cbizlist\Mementos\Annie\23eva-annie-malu.JPG --> ftp.cBizList.com /d:/html/users/cBizListcom/html/qcshs75/Mementos/Annie 23eva-annie-malu.JPG
102.06.08 18:50 B i:\Data2\webpages\qcshs75\cbizlist\Mementos\Annie\22from-eva.JPG --> ftp.cBizList.com /d:/html/users/cBizListcom/html/qcshs75/Mementos/Annie 22from-eva.JPG
102.06.08 18:50 B i:\Data2\webpages\qcshs75\cbizlist\Mementos\Annie\20alelie-et-al2.jpg --> ftp.cBizList.com /d:/html/users/cBizListcom/html/qcshs75/Mementos/Annie 20alelie-et-al2.jpg
102.06.08 18:51 B i:\Data2\webpages\qcshs75\cbizlist\Mementos\Annie\26mas-cards.JPG --> ftp.cBizList.com /d:/html/users/cBizListcom/html/qcshs75/Mementos/Annie 26mas-cards.JPG
102.06.08 18:51 B i:\Data2\webpages\qcshs75\cbizlist\Mementos\Annie\25sipa.JPG --> ftp.cBizList.com /d:/html/users/cBizListcom/html/qcshs75/Mementos/Annie 25sipa.JPG
102.06.08 18:52 B i:\Data2\webpages\qcshs75\cbizlist\Mementos\Annie\23graduation-day.JPG --> ftp.cBizList.com /d:/html/users/cBizListcom/html/qcshs75/Mementos/Annie 23graduation-day.JPG
102.06.08 18:52 B i:\Data2\webpages\qcshs75\cbizlist\Mementos\Annie\29xmas-cards-4.JPG --> ftp.cBizList.com /d:/html/users/cBizListcom/html/qcshs75/Mementos/Annie 29xmas-cards-4.JPG
